
> agenticbrowser@0.1.0 build:extension
> vite build -c extension/vite.config.mjs

[36mvite v5.0.0 [32mbuilding for production...[36m[39m
transforming...
cmd : Browserslist: browsers data (caniuse-lite) is 8 months old. Please run:
At line:1 char:1
+ cmd /c npm run build:extension > build_error.log 2>&1
+ ~~~~~~~~~~~~~~~~~~~~~~~~~~~~~~~~~~~~~~~~~~~~~~~~~~~~~
    + CategoryInfo          : NotSpecified: (Browserslist: b...ld. Please run::String) [], RemoteException
    + FullyQualifiedErrorId : NativeCommandError
 
  npx update-browserslist-db@latest
  Why you should do it regularly: https://github.com/browserslist/update-db#readme
[32mΓ£ô[39m 79 modules transformed.
Copied manifest to C:\Users\Manoj Kumar\OneDrive\Desktop\FINAL\Rockett\Rocket\extension\dist\manifest.json
[31m[vite:esbuild] Transform failed with 1 error:
C:/Users/Manoj 
Kumar/OneDrive/Desktop/FINAL/Rockett/Rocket/extension/src/shared/components/ui/ConversationSidebar.jsx:11:2: ERROR: 
"onSelectConversation" cannot be bound multiple times in the same parameter list[39m
file: [36mC:/Users/Manoj 
Kumar/OneDrive/Desktop/FINAL/Rockett/Rocket/extension/src/shared/components/ui/ConversationSidebar.jsx:11:2[39m
[33m
[33m"onSelectConversation" cannot be bound multiple times in the same parameter list[33m
9  |    activeConversationId = null,
10 |    onSelectConversation,
11 |    onSelectConversation,
   |    ^
12 |    onNewConversation,
13 |    onDeleteConversation,
[39m
[31merror during build:
Error: Transform failed with 1 error:
C:/Users/Manoj 
Kumar/OneDrive/Desktop/FINAL/Rockett/Rocket/extension/src/shared/components/ui/ConversationSidebar.jsx:11:2: ERROR: 
"onSelectConversation" cannot be bound multiple times in the same parameter list
    at failureErrorWithLog (C:\Users\Manoj 
Kumar\OneDrive\Desktop\FINAL\Rockett\Rocket\node_modules\esbuild\lib\main.js:1651:15)
    at C:\Users\Manoj Kumar\OneDrive\Desktop\FINAL\Rockett\Rocket\node_modules\esbuild\lib\main.js:849:29
    at responseCallbacks.<computed> (C:\Users\Manoj 
Kumar\OneDrive\Desktop\FINAL\Rockett\Rocket\node_modules\esbuild\lib\main.js:704:9)
    at handleIncomingPacket (C:\Users\Manoj 
Kumar\OneDrive\Desktop\FINAL\Rockett\Rocket\node_modules\esbuild\lib\main.js:764:9)
    at Socket.readFromStdout (C:\Users\Manoj 
Kumar\OneDrive\Desktop\FINAL\Rockett\Rocket\node_modules\esbuild\lib\main.js:680:7)
    at Socket.emit (node:events:507:28)
    at addChunk (node:internal/streams/readable:559:12)
    at readableAddChunkPushByteMode (node:internal/streams/readable:510:3)
    at Readable.push (node:internal/streams/readable:390:5)
    at Pipe.onStreamRead (node:internal/stream_base_commons:189:23)[39m
